<html>
<body>
<pre>
<h1>µVision Build Log</h1>
<h2>Tool Versions:</h2>
IDE-Version: ¦ÌVision V5.16.0.0
Copyright (C) 2015 ARM Ltd and ARM Germany GmbH. All rights reserved.
License Information: juma Microsoft, Microsoft, LIC=D0DAR-K58LI-30INC-7RXI2-LV2YB-P31EC
 
Tool Versions:
Toolchain:       MDK-ARM Standard  Version: 5.16.0.0
Toolchain Path:  C:\Keil_v5\ARM\ARMCC\Bin
C Compiler:      Armcc.exe V5.06 (build 20)
Assembler:       Armasm.exe V5.06 (build 20)
Linker/Locator:  ArmLink.exe V5.06 (build 20)
Library Manager: ArmAr.exe V5.06 (build 20)
Hex Converter:   FromElf.exe V5.06 (build 20)
CPU DLL:         SARMCM3.DLL V5.16.0.0
Dialog DLL:      DCM.DLL V1.13.2.0
Target DLL:      Segger\JL2CM3.dll V2.99.15.2
Dialog DLL:      TCM.DLL V1.14.5.0
 
<h2>Project:</h2>
D:\Work\CODE\ST\JUMA-SDK\Embedded\ST\Product\Application\Sensor_Tag\MDK-ARM\CAF.uvprojx
Project File Date:  12/28/2015

<h2>Output:</h2>
*** Using Compiler 'V5.06 (build 20)', folder: 'C:\Keil_v5\ARM\ARMCC\Bin'
Build target 'CAF_V1'
compiling main.c...
compiling bluenrg_sdk_api.c...
..\..\..\..\System\JUMA\Src\bluenrg_sdk_api.c(79): warning:  #940-D: missing return statement at end of non-void function "ble_init_bluenrg"
  }
..\..\..\..\System\JUMA\Src\bluenrg_sdk_api.c(35): warning:  #177-D: variable "SERVER_BDADDR" was declared but never referenced
    uint8_t SERVER_BDADDR[] = {0x04, 0x34, 0x00, 0xE1, 0x80, 0x02};
..\..\..\..\System\JUMA\Src\bluenrg_sdk_api.c(39): warning:  #177-D: variable "bdaddr" was declared but never referenced
  	uint8_t bdaddr[BDADDR_SIZE];
..\..\..\..\System\JUMA\Src\bluenrg_sdk_api.c(153): warning:  #167-D: argument of type "const uint8_t *" is incompatible with parameter of type "void *__restrict__"
  		memcpy(AdvName,new_device_name,AdvNameLen);
..\..\..\..\System\JUMA\Src\bluenrg_sdk_api.c(151): warning:  #177-D: variable "ret" was declared but never referenced
  	 tBleStatus ret; 
..\..\..\..\System\JUMA\Src\bluenrg_sdk_api.c(175): warning:  #940-D: missing return statement at end of non-void function "advertise_address"
  }
..\..\..\..\System\JUMA\Src\bluenrg_sdk_api.c(217): warning:  #167-D: argument of type "const uint8_t *" is incompatible with parameter of type "uint8_t *"
                                     AdvNameLen+1, LocalName, uuid_length, serviceUUIDList, 0, 0);//// start advertising
..\..\..\..\System\JUMA\Src\bluenrg_sdk_api.c(251): warning:  #940-D: missing return statement at end of non-void function "ble_device_send"
  }
..\..\..\..\System\JUMA\Src\bluenrg_sdk_api.c: 8 warnings, 0 errors
compiling app.c...
..\app.c(108): warning:  #177-D: variable "ret" was declared but never referenced
  	tBleStatus ret = BLE_WAIT_REMOTE_ENABLE_NOTIFY;
..\app.c: 1 warning, 0 errors
compiling bluenrg_interface.c...
compiling dispatch.c...
..\..\..\..\System\JUMA\Src\dispatch.c(195): warning:  #177-D: variable "next_time" was declared but never referenced
  		uint32_t now, head_time, next_time, sleep_time;
..\..\..\..\System\JUMA\Src\dispatch.c: 1 warning, 0 errors
compiling stm32f401_lp_mode.c...
..\..\..\..\System\JUMA\Src\stm32f401_lp_mode.c(329): warning:  #177-D: function "rtc_alarm_config" was declared but never referenced
  static void rtc_alarm_config(uint32_t time)
..\..\..\..\System\JUMA\Src\stm32f401_lp_mode.c: 1 warning, 0 errors
compiling clock.c...
compiling stm32xx_it.c...
compiling cube_hal_f4.c...
compiling hts221.c...
compiling lps25h.c...
compiling lps25hb.c...
compiling lsm6ds3.c...
compiling lsm303agr.c...
..\..\..\..\System\DRIVERS\LSM303AGR\lsm303agr.c(21): warning:  #177-D: function "LSM303AGR_ACC_sample_Callback" was declared but never referenced
  static void LSM303AGR_ACC_sample_Callback(u8_t intID)
..\..\..\..\System\DRIVERS\LSM303AGR\lsm303agr.c(117): warning:  #177-D: function "Loop_Test_Sample_Aquisition" was declared but never referenced
  static  void Loop_Test_Sample_Aquisition(void)
..\..\..\..\System\DRIVERS\LSM303AGR\lsm303agr.c(170): warning:  #177-D: function "LSM303AGR_ACC_Wakeup_Callback" was declared but never referenced
  static void LSM303AGR_ACC_Wakeup_Callback(u8_t intID)
..\..\..\..\System\DRIVERS\LSM303AGR\lsm303agr.c(206): warning:  #177-D: function "Loop_Test_Wakeup" was declared but never referenced
  static void  Loop_Test_Wakeup(void)
..\..\..\..\System\DRIVERS\LSM303AGR\lsm303agr.c(231): warning:  #177-D: function "LSM303AGR_ACC_FreeFall_Callback" was declared but never referenced
  static void LSM303AGR_ACC_FreeFall_Callback(u8_t intID)
..\..\..\..\System\DRIVERS\LSM303AGR\lsm303agr.c(269): warning:  #177-D: function "Loop_Test_FreeFall" was declared but never referenced
  static void  Loop_Test_FreeFall(void)
..\..\..\..\System\DRIVERS\LSM303AGR\lsm303agr.c: 6 warnings, 0 errors
compiling juma_sensor.c...
..\..\..\..\System\JUMA\Src\juma_sensor.c(117): warning:  #177-D: variable "ret" was declared but never referenced
  	int8_t ret;
..\..\..\..\System\JUMA\Src\juma_sensor.c(235): warning:  #144-D: a value of type "int8_t *" cannot be used to initialize an entity of type "uint8_t *"
  	uint8_t *mag = p->MAG;
..\..\..\..\System\JUMA\Src\juma_sensor.c(233): warning:  #177-D: variable "_Magnetic_mGa" was declared but never referenced
  	int32_t _Magnetic_mGa[3] = {0};
..\..\..\..\System\JUMA\Src\juma_sensor.c: 3 warnings, 0 errors
compiling LSM303AGR_ACC_driver.c...
compiling LSM303AGR_MAG_driver.c...
compiling stm32f4xx_hal.c...
compiling stm32f4xx_hal_adc.c...
compiling stm32f4xx_hal_cortex.c...
compiling stm32f4xx_hal_adc_ex.c...
compiling stm32f4xx_hal_dma_ex.c...
compiling stm32f4xx_hal_flash.c...
compiling stm32f4xx_hal_dma.c...
compiling stm32f4xx_hal_flash_ex.c...
compiling stm32f4xx_hal_gpio.c...
compiling stm32f4xx_hal_i2c.c...
compiling stm32f4xx_hal_i2c_ex.c...
compiling stm32f4xx_hal_pwr.c...
compiling stm32f4xx_hal_pwr_ex.c...
compiling stm32f4xx_hal_rcc_ex.c...
compiling stm32f4xx_hal_rcc.c...
compiling stm32f4xx_hal_rtc.c...
compiling stm32f4xx_hal_rtc_ex.c...
compiling stm32f4xx_hal_spi.c...
compiling stm32f4xx_hal_tim.c...
compiling stm32f4xx_hal_tim_ex.c...
compiling stm32f4xx_hal_uart.c...
compiling stm32f4xx_hal_usart.c...
compiling stm32f4xx_hal_wwdg.c...
compiling list.c...
compiling stm32f4xx_ll_usb.c...
compiling bluenrg_gap_aci.c...
compiling bluenrg_hal_aci.c...
compiling bluenrg_gatt_aci.c...
compiling bluenrg_itf_template.c...
compiling stm32_bluenrg_ble.c...
compiling gp_timer.c...
compiling bluenrg_l2cap_aci.c...
compiling osal.c...
compiling x_nucleo_iks01a1_hum_temp.c...
compiling x_nucleo_iks01a1_pressure.c...
compiling hci.c...
..\..\..\..\System\DRIVERS\BlueNRG\Src\hci.c(178): warning:  #223-D: function "Hal_Write_Serial" declared implicitly
    Hal_Write_Serial(data1, data2, n_bytes1, n_bytes2);
..\..\..\..\System\DRIVERS\BlueNRG\Src\hci.c: 1 warning, 0 errors
compiling x_nucleo_iks01a1_imu_6axes.c...
compiling stm32f4xx_hal_msp.c...
..\..\..\..\System\BSP\CANNONV1\stm32f4xx_hal_msp.c(87): warning:  #111-D: statement is unreachable
  		return 0;
..\..\..\..\System\BSP\CANNONV1\stm32f4xx_hal_msp.c: 1 warning, 0 errors
assembling startup_stm32f401xe.s...
compiling x_nucleo_iks01a1.c...
..\..\..\..\System\BSP\NUCLEO\x_nucleo_iks01a1.c(1107): warning:  #223-D: function "memcpy" declared implicitly
  	memcpy(pBufferAddr, &RegisterAddr, 1);
..\..\..\..\System\BSP\NUCLEO\x_nucleo_iks01a1.c(1140): warning:  #223-D: function "memcpy" declared implicitly
  	memcpy(pBuffer, pBuffer+1, NumByteToRead);
..\..\..\..\System\BSP\NUCLEO\x_nucleo_iks01a1.c(653): warning:  #177-D: function "MAGNETO_IO_Init" was declared but never referenced
  static MAGNETO_StatusTypeDef MAGNETO_IO_Init(void)
..\..\..\..\System\BSP\NUCLEO\x_nucleo_iks01a1.c(671): warning:  #177-D: function "MAGNETO_IO_Write" was declared but never referenced
  static MAGNETO_StatusTypeDef MAGNETO_IO_Write(uint8_t* pBuffer, uint8_t DeviceAddr, uint8_t RegisterAddr,
..\..\..\..\System\BSP\NUCLEO\x_nucleo_iks01a1.c(693): warning:  #177-D: function "MAGNETO_IO_Read" was declared but never referenced
  static MAGNETO_StatusTypeDef MAGNETO_IO_Read(uint8_t* pBuffer, uint8_t DeviceAddr, uint8_t RegisterAddr,
..\..\..\..\System\BSP\NUCLEO\x_nucleo_iks01a1.c: 5 warnings, 0 errors
compiling stm32f4xx_cannon_v1.c...
compiling system_stm32f4xx.c...
linking...
Program Size: Code=33228 RO-data=704 RW-data=504 ZI-data=2592  
".\Objects\CAF.axf" - 0 Error(s), 27 Warning(s).

<h2>Software Packages used:</h2>

Package Vendor: ARM
                http://www.keil.com/pack/ARM.CMSIS.4.3.0.pack
                ARM::CMSIS:CORE:4.1.0
                CMSIS (Cortex Microcontroller Software Interface Standard)
   * Component: CORE Version: 4.1.0

<h2>Collection of Component include folders:</h2>
  D:\Work\CODE\ST\JUMA-SDK\Embedded\ST\Product\Application\Sensor_Tag\MDK-ARM\RTE
  C:\Keil_v5\ARM\PACK\ARM\CMSIS\4.3.0\CMSIS\Include
  C:\Keil_v5\ARM\PACK\Keil\STM32F4xx_DFP\2.3.0\Drivers\CMSIS\Device\ST\STM32F4xx\Include

<h2>Collection of Component Files used:</h2>

   * Component: ARM::CMSIS:CORE:4.1.0
Build Time Elapsed:  00:00:16
</pre>
</body>
</html>
